// Jest Snapshot v1, https://goo.gl/fbAQLP

exports[`Interval snapshot matches snapshot 1`] = `
<div
  className="container"
>
  <div
    className="row"
  >
    <div>
      {"notation":""}
    </div>
  </div>
  <div
    className="row"
  >
    <div>
      INTERVAL SELECTOR 
      {}
    </div>
  </div>
</div>
`;
