// Jest Snapshot v1, https://goo.gl/fbAQLP

exports[`App snapshot should match snapshot 1`] = `
<div
  className="App"
>
  <div>
    NAVBAR
  </div>
  <p>
    Hello
  </p>
</div>
`;
